Error: Schema file "test02.xsd" does not correspond with input xml file "test01.xml".