Error: Schema file "test01.xsd" does not correspond with input xml file "test02.xml".