Error: test11.xml: Invalid XML structure: Element type "CATALOG" must be followed by either attribute specifications, ">" or "/>".
