Error: Input file "test00002.xml" does not exist".