Input xml file "test01.xml" is valid according to schema "schema01.xsd"
