Input xml file "test02.xml" is valid according to schema "schema01.xsd"
