Error: test09.xml: Does not correspond with schema "schema01.xsd": cvc-complex-type.2.4.a: Invalid content was found starting with element 'YEARxxxxxxx'. One of '{YEAR}' is expected.
