Error: test07.config: Invalid XML structure (Invalid type of operation "removeNodeXXX") 
